// Jest Snapshot v1, https://goo.gl/fbAQLP

exports[`Testing al cliente Es Brian 1`] = `
Object {
  "balance": 500,
  "nombre": "Brian",
  "tipo": "Premium",
}
`;
